---
source: src/tests.rs
expression: a.data()
---
[
  34,
  -26,
  4,
  -52,
  37,
  -39,
  -59,
  -52,
  -43,
  3,
  69,
  116,
  55,
  -29,
  -64,
]
