---
source: spenso/src/tests.rs
expression: common.to_string()
---
140 (lorðŸ “1)
176 (euc3)
17  (euc1)
201 (euc2)
