---
source: src/tests.rs
expression: structa.to_string()
---
102 (loru4)
