---
source: src/tests.rs
expression: f.structure().to_string()
---
102 (loru4)
28  (loru5)
