---
source: src/tests.rs
expression: common.to_string()
---
140 (lord1)
176 (euc3)
17  (euc1)
201 (euc2)
