---
source: src/tests.rs
expression: f
---
data:
  - 70
  - 80
  - 90
  - 158
  - 184
  - 210
  - 246
  - 288
  - 330
  - 334
  - 392
  - 450
structure:
  structure:
    - aind:
        Normal: 1
      rep:
        dim:
          Concrete: 4
        rep:
          Euclidean: {}
    - aind:
        Normal: 3
      rep:
        dim:
          Concrete: 3
        rep:
          Euclidean: {}
