---
source: src/tests.rs
expression: c.to_dense().data()
---
[
  -392,
  -267,
  364,
  634,
  0,
  -843,
  92,
  0,
  736,
  0,
  -156,
  -313,
  323,
  0,
  955,
  0,
  0,
  19,
  0,
  0,
  326,
  0,
  0,
  0,
  375,
  0,
  979,
  991,
  416,
  0,
  12,
  541,
  967,
  715,
  -576,
  0,
  286,
  0,
  0,
  0,
]
