---
source: src/tests.rs
expression: structb.to_string()
---
28  (loru5)
