---
source: src/tests.rs
expression: f.data()
---
[
  90,
  -987,
  5908,
  2961,
  160,
  2491,
  -4004,
  -1200,
  -1081,
  -788,
]
